{"solves":[{"objective":225361.4972,"line":610,"modelStatus":1,"equations":[{"marginal":1,"level":0,"upper":0,"lower":0,"domain":[],"name":"e_obje","description":""},{"marginal":1,"level":0,"upper":0,"lower":0,"domain":[],"name":"e_totGM","description":""},{"marginal":0,"level":6.774,"upper":36.709,"lower":null,"domain":["FieldBeans"],"name":"e_maxShares","description":""},{"marginal":0,"level":0,"upper":91.772,"lower":null,"domain":["WinterWheat"],"name":"e_maxShares","description":""},{"marginal":0,"level":0,"upper":91.772,"lower":null,"domain":["WinterRye"],"name":"e_maxShares","description":""},{"marginal":0,"level":0,"upper":91.772,"lower":null,"domain":["WinterBarley"],"name":"e_maxShares","description":""},{"marginal":0,"level":0,"upper":183.546,"lower":null,"domain":["Maize"],"name":"e_maxShares","description":""},{"marginal":0,"level":0,"upper":36.709,"lower":null,"domain":["WinterRape"],"name":"e_maxShares","description":""},{"marginal":3201.682,"level":36.709,"upper":36.709,"lower":null,"domain":["Potatoes"],"name":"e_maxShares","description":""},{"marginal":745.989,"level":36.709,"upper":36.709,"lower":null,"domain":["Sugarbeets"],"name":"e_maxShares","description":""},{"marginal":0,"level":55.286,"upper":183.546,"lower":null,"domain":["SilageMaize"],"name":"e_maxShares","description":""},{"marginal":0,"level":0,"upper":91.772,"lower":null,"domain":["Oats"],"name":"e_maxShares","description":""},{"marginal":83705.158,"level":1,"upper":1,"lower":1,"domain":["plot1"],"name":"e_oneCropPlot","description":""},{"marginal":0,"level":0,"upper":170,"lower":null,"domain":[],"name":"e_170_avg","description":""},{"marginal":-12,"level":1500,"upper":1500,"lower":1500,"domain":["manure","jan"],"name":"e_storageBal","description":""},{"marginal":-12,"level":0,"upper":0,"lower":0,"domain":["manure","feb"],"name":"e_storageBal","description":""},{"marginal":-12,"level":0,"upper":0,"lower":0,"domain":["manure","mrz"],"name":"e_storageBal","description":""},{"marginal":-12,"level":0,"upper":0,"lower":0,"domain":["manure","apr"],"name":"e_storageBal","description":""},{"marginal":-12,"level":0,"upper":0,"lower":0,"domain":["manure","mai"],"name":"e_storageBal","description":""},{"marginal":-12,"level":0,"upper":0,"lower":0,"domain":["manure","jun"],"name":"e_storageBal","description":""},{"marginal":-12,"level":0,"upper":0,"lower":0,"domain":["manure","jul"],"name":"e_storageBal","description":""},{"marginal":-12,"level":0,"upper":0,"lower":0,"domain":["manure","aug"],"name":"e_storageBal","description":""},{"marginal":-12,"level":0,"upper":0,"lower":0,"domain":["manure","sep"],"name":"e_storageBal","description":""},{"marginal":5e-324,"level":0,"upper":0,"lower":0,"domain":["manure","okt"],"name":"e_storageBal","description":""},{"marginal":5e-324,"level":0,"upper":0,"lower":0,"domain":["manure","nov"],"name":"e_storageBal","description":""},{"marginal":5e-324,"level":0,"upper":0,"lower":0,"domain":["manure","dez"],"name":"e_storageBal","description":""},{"marginal":0,"level":0,"upper":0,"lower":0,"domain":["solid","jan"],"name":"e_storageBal","description":""},{"marginal":99999,"level":0,"upper":0,"lower":0,"domain":["solid","feb"],"name":"e_storageBal","description":""},{"marginal":99999,"level":0,"upper":0,"lower":0,"domain":["solid","mrz"],"name":"e_storageBal","description":""},{"marginal":99999,"level":0,"upper":0,"lower":0,"domain":["solid","apr"],"name":"e_storageBal","description":""},{"marginal":99999,"level":0,"upper":0,"lower":0,"domain":["solid","mai"],"name":"e_storageBal","description":""},{"marginal":0,"level":0,"upper":0,"lower":0,"domain":["solid","jun"],"name":"e_storageBal","description":""},{"marginal":0,"level":0,"upper":0,"lower":0,"domain":["solid","jul"],"name":"e_storageBal","description":""},{"marginal":0,"level":0,"upper":0,"lower":0,"domain":["solid","aug"],"name":"e_storageBal","description":""},{"marginal":99999,"level":0,"upper":0,"lower":0,"domain":["solid","sep"],"name":"e_storageBal","description":""},{"marginal":0,"level":0,"upper":0,"lower":0,"domain":["solid","okt"],"name":"e_storageBal","description":""},{"marginal":0,"level":0,"upper":0,"lower":0,"domain":["solid","nov"],"name":"e_storageBal","description":""},{"marginal":0,"level":0,"upper":0,"lower":0,"domain":["solid","dez"],"name":"e_storageBal","description":""},{"marginal":12,"level":0,"upper":0,"lower":0,"domain":["manure"],"name":"e_manureSpring","description":""},{"marginal":0,"level":0,"upper":0,"lower":0,"domain":["solid"],"name":"e_manureSpring","description":""},{"marginal":12,"level":0,"upper":0,"lower":0,"domain":[],"name":"e_manureA~","description":""},{"marginal":0,"level":0,"upper":0,"lower":0,"domain":[],"name":"e_solidAu~","description":""},{"marginal":0,"level":1500,"upper":1500,"lower":null,"domain":["manure","jan"],"name":"e_maxStorageCap","description":""},{"marginal":0,"level":1500,"upper":1500,"lower":null,"domain":["manure","feb"],"name":"e_maxStorageCap","description":""},{"marginal":0,"level":1500,"upper":1500,"lower":null,"domain":["manure","mrz"],"name":"e_maxStorageCap","description":""},{"marginal":0,"level":1500,"upper":1500,"lower":null,"domain":["manure","apr"],"name":"e_maxStorageCap","description":""},{"marginal":0,"level":1500,"upper":1500,"lower":null,"domain":["manure","mai"],"name":"e_maxStorageCap","description":""},{"marginal":0,"level":1500,"upper":1500,"lower":null,"domain":["manure","jun"],"name":"e_maxStorageCap","description":""},{"marginal":0,"level":1500,"upper":1500,"lower":null,"domain":["manure","jul"],"name":"e_maxStorageCap","description":""},{"marginal":5e-324,"level":1500,"upper":1500,"lower":null,"domain":["manure","aug"],"name":"e_maxStorageCap","description":""},{"marginal":12,"level":1500,"upper":1500,"lower":null,"domain":["manure","sep"],"name":"e_maxStorageCap","description":""},{"marginal":0,"level":1500,"upper":1500,"lower":null,"domain":["manure","okt"],"name":"e_maxStorageCap","description":""},{"marginal":0,"level":1500,"upper":1500,"lower":null,"domain":["manure","nov"],"name":"e_maxStorageCap","description":""},{"marginal":0,"level":1500,"upper":1500,"lower":null,"domain":["manure","dez"],"name":"e_maxStorageCap","description":""},{"marginal":99999,"level":0,"upper":0,"lower":null,"domain":["solid","jan"],"name":"e_maxStorageCap","description":""},{"marginal":0,"level":0,"upper":0,"lower":null,"domain":["solid","feb"],"name":"e_maxStorageCap","description":""},{"marginal":0,"level":0,"upper":0,"lower":null,"domain":["solid","mrz"],"name":"e_maxStorageCap","description":""},{"marginal":0,"level":0,"upper":0,"lower":null,"domain":["solid","apr"],"name":"e_maxStorageCap","description":""},{"marginal":0,"level":0,"upper":0,"lower":null,"domain":["solid","mai"],"name":"e_maxStorageCap","description":""},{"marginal":0,"level":0,"upper":0,"lower":null,"domain":["solid","jun"],"name":"e_maxStorageCap","description":""},{"marginal":0,"level":0,"upper":0,"lower":null,"domain":["solid","jul"],"name":"e_maxStorageCap","description":""},{"marginal":99999,"level":0,"upper":0,"lower":null,"domain":["solid","aug"],"name":"e_maxStorageCap","description":""},{"marginal":0,"level":0,"upper":0,"lower":null,"domain":["solid","sep"],"name":"e_maxStorageCap","description":""},{"marginal":0,"level":0,"upper":0,"lower":null,"domain":["solid","okt"],"name":"e_maxStorageCap","description":""},{"marginal":0,"level":0,"upper":0,"lower":null,"domain":["solid","nov"],"name":"e_maxStorageCap","description":""},{"marginal":0,"level":0,"upper":0,"lower":null,"domain":["solid","dez"],"name":"e_maxStorageCap","description":""},{"marginal":-481.293,"level":6.774,"upper":null,"lower":6.774,"domain":[],"name":"e_efa","description":""},{"marginal":0,"level":55.286,"upper":101.609,"lower":null,"domain":["Maize"],"name":"e_75diversification","description":""},{"marginal":0,"level":36.709,"upper":101.609,"lower":null,"domain":["Potatoes"],"name":"e_75diversification","description":""},{"marginal":0,"level":36.709,"upper":101.609,"lower":null,"domain":["Sugarbeets"],"name":"e_75diversification","description":""},{"marginal":0,"level":0,"upper":101.609,"lower":null,"domain":["Oats"],"name":"e_75diversification","description":""},{"marginal":0,"level":6.774,"upper":101.609,"lower":null,"domain":["Legumes"],"name":"e_75diversification","description":""},{"marginal":0,"level":0,"upper":101.609,"lower":null,"domain":["Wheat"],"name":"e_75diversification","description":""},{"marginal":0,"level":0,"upper":101.609,"lower":null,"domain":["Rye"],"name":"e_75diversification","description":""},{"marginal":0,"level":0,"upper":101.609,"lower":null,"domain":["Barley"],"name":"e_75diversification","description":""},{"marginal":0,"level":0,"upper":101.609,"lower":null,"domain":["Oilseeds"],"name":"e_75diversification","description":""},{"marginal":0,"level":91.996,"upper":128.705,"lower":null,"domain":["Maize","Potatoes"],"name":"e_95diversification","description":""},{"marginal":0,"level":91.996,"upper":128.705,"lower":null,"domain":["Maize","Sugarbeets"],"name":"e_95diversification","description":""},{"marginal":0,"level":55.286,"upper":128.705,"lower":null,"domain":["Maize","Oats"],"name":"e_95diversification","description":""},{"marginal":0,"level":62.06,"upper":128.705,"lower":null,"domain":["Maize","Legumes"],"name":"e_95diversification","description":""},{"marginal":0,"level":55.286,"upper":128.705,"lower":null,"domain":["Maize","Wheat"],"name":"e_95diversification","description":""},{"marginal":0,"level":55.286,"upper":128.705,"lower":null,"domain":["Maize","Rye"],"name":"e_95diversification","description":""},{"marginal":0,"level":55.286,"upper":128.705,"lower":null,"domain":["Maize","Barley"],"name":"e_95diversification","description":""},{"marginal":0,"level":55.286,"upper":128.705,"lower":null,"domain":["Maize","Oilseeds"],"name":"e_95diversification","description":""},{"marginal":0,"level":91.996,"upper":128.705,"lower":null,"domain":["Potatoes","Maize"],"name":"e_95diversification","description":""},{"marginal":0,"level":73.419,"upper":128.705,"lower":null,"domain":["Potatoes","Sugarbeets"],"name":"e_95diversification","description":""},{"marginal":0,"level":36.709,"upper":128.705,"lower":null,"domain":["Potatoes","Oats"],"name":"e_95diversification","description":""},{"marginal":0,"level":43.483,"upper":128.705,"lower":null,"domain":["Potatoes","Legumes"],"name":"e_95diversification","description":""},{"marginal":0,"level":36.709,"upper":128.705,"lower":null,"domain":["Potatoes","Wheat"],"name":"e_95diversification","description":""},{"marginal":0,"level":36.709,"upper":128.705,"lower":null,"domain":["Potatoes","Rye"],"name":"e_95diversification","description":""},{"marginal":0,"level":36.709,"upper":128.705,"lower":null,"domain":["Potatoes","Barley"],"name":"e_95diversification","description":""},{"marginal":0,"level":36.709,"upper":128.705,"lower":null,"domain":["Potatoes","Oilseeds"],"name":"e_95diversification","description":""},{"marginal":0,"level":91.996,"upper":128.705,"lower":null,"domain":["Sugarbeets","Maize"],"name":"e_95diversification","description":""},{"marginal":0,"level":73.419,"upper":128.705,"lower":null,"domain":["Sugarbeets","Potatoes"],"name":"e_95diversification","description":""},{"marginal":0,"level":36.709,"upper":128.705,"lower":null,"domain":["Sugarbeets","Oats"],"name":"e_95diversification","description":""},{"marginal":0,"level":43.483,"upper":128.705,"lower":null,"domain":["Sugarbeets","Legumes"],"name":"e_95diversification","description":""},{"marginal":0,"level":36.709,"upper":128.705,"lower":null,"domain":["Sugarbeets","Wheat"],"name":"e_95diversification","description":""},{"marginal":0,"level":36.709,"upper":128.705,"lower":null,"domain":["Sugarbeets","Rye"],"name":"e_95diversification","description":""},{"marginal":0,"level":36.709,"upper":128.705,"lower":null,"domain":["Sugarbeets","Barley"],"name":"e_95diversification","description":""},{"marginal":0,"level":36.709,"upper":128.705,"lower":null,"domain":["Sugarbeets","Oilseeds"],"name":"e_95diversification","description":""},{"marginal":0,"level":55.286,"upper":128.705,"lower":null,"domain":["Oats","Maize"],"name":"e_95diversification","description":""},{"marginal":0,"level":36.709,"upper":128.705,"lower":null,"domain":["Oats","Potatoes"],"name":"e_95diversification","description":""},{"marginal":0,"level":36.709,"upper":128.705,"lower":null,"domain":["Oats","Sugarbeets"],"name":"e_95diversification","description":""},{"marginal":0,"level":6.774,"upper":128.705,"lower":null,"domain":["Oats","Legumes"],"name":"e_95diversification","description":""},{"marginal":0,"level":0,"upper":128.705,"lower":null,"domain":["Oats","Wheat"],"name":"e_95diversification","description":""},{"marginal":0,"level":0,"upper":128.705,"lower":null,"domain":["Oats","Rye"],"name":"e_95diversification","description":""},{"marginal":0,"level":0,"upper":128.705,"lower":null,"domain":["Oats","Barley"],"name":"e_95diversification","description":""},{"marginal":0,"level":0,"upper":128.705,"lower":null,"domain":["Oats","Oilseeds"],"name":"e_95diversification","description":""},{"marginal":0,"level":62.06,"upper":128.705,"lower":null,"domain":["Legumes","Maize"],"name":"e_95diversification","description":""},{"marginal":0,"level":43.483,"upper":128.705,"lower":null,"domain":["Legumes","Potatoes"],"name":"e_95diversification","description":""},{"marginal":0,"level":43.483,"upper":128.705,"lower":null,"domain":["Legumes","Sugarbeets"],"name":"e_95diversification","description":""},{"marginal":0,"level":6.774,"upper":128.705,"lower":null,"domain":["Legumes","Oats"],"name":"e_95diversification","description":""},{"marginal":0,"level":6.774,"upper":128.705,"lower":null,"domain":["Legumes","Wheat"],"name":"e_95diversification","description":""},{"marginal":0,"level":6.774,"upper":128.705,"lower":null,"domain":["Legumes","Rye"],"name":"e_95diversification","description":""},{"marginal":0,"level":6.774,"upper":128.705,"lower":null,"domain":["Legumes","Barley"],"name":"e_95diversification","description":""},{"marginal":0,"level":6.774,"upper":128.705,"lower":null,"domain":["Legumes","Oilseeds"],"name":"e_95diversification","description":""},{"marginal":0,"level":55.286,"upper":128.705,"lower":null,"domain":["Wheat","Maize"],"name":"e_95diversification","description":""},{"marginal":0,"level":36.709,"upper":128.705,"lower":null,"domain":["Wheat","Potatoes"],"name":"e_95diversification","description":""},{"marginal":0,"level":36.709,"upper":128.705,"lower":null,"domain":["Wheat","Sugarbeets"],"name":"e_95diversification","description":""},{"marginal":0,"level":0,"upper":128.705,"lower":null,"domain":["Wheat","Oats"],"name":"e_95diversification","description":""},{"marginal":0,"level":6.774,"upper":128.705,"lower":null,"domain":["Wheat","Legumes"],"name":"e_95diversification","description":""},{"marginal":0,"level":0,"upper":128.705,"lower":null,"domain":["Wheat","Rye"],"name":"e_95diversification","description":""},{"marginal":0,"level":0,"upper":128.705,"lower":null,"domain":["Wheat","Barley"],"name":"e_95diversification","description":""},{"marginal":0,"level":0,"upper":128.705,"lower":null,"domain":["Wheat","Oilseeds"],"name":"e_95diversification","description":""},{"marginal":0,"level":55.286,"upper":128.705,"lower":null,"domain":["Rye","Maize"],"name":"e_95diversification","description":""},{"marginal":0,"level":36.709,"upper":128.705,"lower":null,"domain":["Rye","Potatoes"],"name":"e_95diversification","description":""},{"marginal":0,"level":36.709,"upper":128.705,"lower":null,"domain":["Rye","Sugarbeets"],"name":"e_95diversification","description":""},{"marginal":0,"level":0,"upper":128.705,"lower":null,"domain":["Rye","Oats"],"name":"e_95diversification","description":""},{"marginal":0,"level":6.774,"upper":128.705,"lower":null,"domain":["Rye","Legumes"],"name":"e_95diversification","description":""},{"marginal":0,"level":0,"upper":128.705,"lower":null,"domain":["Rye","Wheat"],"name":"e_95diversification","description":""},{"marginal":0,"level":0,"upper":128.705,"lower":null,"domain":["Rye","Barley"],"name":"e_95diversification","description":""},{"marginal":0,"level":0,"upper":128.705,"lower":null,"domain":["Rye","Oilseeds"],"name":"e_95diversification","description":""},{"marginal":0,"level":55.286,"upper":128.705,"lower":null,"domain":["Barley","Maize"],"name":"e_95diversification","description":""},{"marginal":0,"level":36.709,"upper":128.705,"lower":null,"domain":["Barley","Potatoes"],"name":"e_95diversification","description":""},{"marginal":0,"level":36.709,"upper":128.705,"lower":null,"domain":["Barley","Sugarbeets"],"name":"e_95diversification","description":""},{"marginal":0,"level":0,"upper":128.705,"lower":null,"domain":["Barley","Oats"],"name":"e_95diversification","description":""},{"marginal":0,"level":6.774,"upper":128.705,"lower":null,"domain":["Barley","Legumes"],"name":"e_95diversification","description":""},{"marginal":0,"level":0,"upper":128.705,"lower":null,"domain":["Barley","Wheat"],"name":"e_95diversification","description":""},{"marginal":0,"level":0,"upper":128.705,"lower":null,"domain":["Barley","Rye"],"name":"e_95diversification","description":""},{"marginal":0,"level":0,"upper":128.705,"lower":null,"domain":["Barley","Oilseeds"],"name":"e_95diversification","description":""},{"marginal":0,"level":55.286,"upper":128.705,"lower":null,"domain":["Oilseeds","Maize"],"name":"e_95diversification","description":""},{"marginal":0,"level":36.709,"upper":128.705,"lower":null,"domain":["Oilseeds","Potatoes"],"name":"e_95diversification","description":""},{"marginal":0,"level":36.709,"upper":128.705,"lower":null,"domain":["Oilseeds","Sugarbeets"],"name":"e_95diversification","description":""},{"marginal":0,"level":0,"upper":128.705,"lower":null,"domain":["Oilseeds","Oats"],"name":"e_95diversification","description":""},{"marginal":0,"level":6.774,"upper":128.705,"lower":null,"domain":["Oilseeds","Legumes"],"name":"e_95diversification","description":""},{"marginal":0,"level":0,"upper":128.705,"lower":null,"domain":["Oilseeds","Wheat"],"name":"e_95diversification","description":""},{"marginal":0,"level":0,"upper":128.705,"lower":null,"domain":["Oilseeds","Rye"],"name":"e_95diversification","description":""},{"marginal":0,"level":0,"upper":128.705,"lower":null,"domain":["Oilseeds","Barley"],"name":"e_95diversification","description":""}],"variables":[{"marginal":0,"level":225360,"upper":null,"lower":null,"domain":[],"name":"v_obje","description":""},{"marginal":0,"level":225360,"upper":null,"lower":null,"domain":[],"name":"v_totGM","description":""},{"marginal":-100000,"level":0,"upper":135.479,"lower":0,"domain":["FieldBeans"],"name":"v_devShares","description":""},{"marginal":-100000,"level":0,"upper":135.479,"lower":0,"domain":["WinterWheat"],"name":"v_devShares","description":""},{"marginal":-100000,"level":0,"upper":135.479,"lower":0,"domain":["WinterRye"],"name":"v_devShares","description":""},{"marginal":-100000,"level":0,"upper":135.479,"lower":0,"domain":["WinterBarley"],"name":"v_devShares","description":""},{"marginal":-100000,"level":0,"upper":135.479,"lower":0,"domain":["Maize"],"name":"v_devShares","description":""},{"marginal":-100000,"level":0,"upper":135.479,"lower":0,"domain":["WinterRape"],"name":"v_devShares","description":""},{"marginal":-96800,"level":0,"upper":135.479,"lower":0,"domain":["Potatoes"],"name":"v_devShares","description":""},{"marginal":-99250,"level":0,"upper":135.479,"lower":0,"domain":["Sugarbeets"],"name":"v_devShares","description":""},{"marginal":-100000,"level":0,"upper":135.479,"lower":0,"domain":["SilageMaize"],"name":"v_devShares","description":""},{"marginal":-100000,"level":0,"upper":135.479,"lower":0,"domain":["Oats"],"name":"v_devShares","description":""},{"marginal":-99520,"level":0,"upper":6.774,"lower":0,"domain":[],"name":"v_devEfa5","description":""},{"marginal":-100000,"level":0,"upper":33.87,"lower":0,"domain":[],"name":"v_devEfa75","description":""},{"marginal":-100000,"level":0,"upper":135.479,"lower":0,"domain":[],"name":"v_devEfa95","description":""},{"marginal":-1084000,"level":0,"upper":1,"lower":0,"domain":["plot1"],"name":"v_devOneCrop","description":""},{"marginal":0,"level":0.05,"upper":1,"lower":0,"domain":["plot1","FieldBeans","0","0","0","false","false"],"name":"v_binCropPlot","description":""},{"marginal":-13820,"level":0,"upper":1,"lower":0,"domain":["plot1","WinterWheat","0","0","0","false","false"],"name":"v_binCropPlot","description":""},{"marginal":-59820,"level":0,"upper":1,"lower":0,"domain":["plot1","WinterRye","0","0","0","false","false"],"name":"v_binCropPlot","description":""},{"marginal":-21960,"level":0,"upper":1,"lower":0,"domain":["plot1","WinterBarley","0","0","0","false","false"],"name":"v_binCropPlot","description":""},{"marginal":-8334.397,"level":0,"upper":1,"lower":0,"domain":["plot1","Maize","0","0","0","false","false"],"name":"v_binCropPlot","description":""},{"marginal":-24410,"level":0,"upper":1,"lower":0,"domain":["plot1","WinterRape","0","0","0","false","false"],"name":"v_binCropPlot","description":""},{"marginal":0,"level":0.271,"upper":1,"lower":0,"domain":["plot1","Potatoes","0","0","0","false","false"],"name":"v_binCropPlot","description":""},{"marginal":0,"level":0.271,"upper":1,"lower":0,"domain":["plot1","Sugarbeets","0","0","0","false","false"],"name":"v_binCropPlot","description":""},{"marginal":0,"level":0.408,"upper":1,"lower":0,"domain":["plot1","SilageMaize","0","0","0","false","false"],"name":"v_binCropPlot","description":""},{"marginal":-50250,"level":0,"upper":1,"lower":0,"domain":["plot1","Oats","0","0","0","false","false"],"name":"v_binCropPlot","description":""},{"marginal":-12,"level":0,"upper":null,"lower":0,"domain":["manure","jan"],"name":"v_manExports","description":""},{"marginal":-12,"level":0,"upper":null,"lower":0,"domain":["manure","feb"],"name":"v_manExports","description":""},{"marginal":-12,"level":0,"upper":null,"lower":0,"domain":["manure","mrz"],"name":"v_manExports","description":""},{"marginal":0,"level":0,"upper":null,"lower":0,"domain":["manure","apr"],"name":"v_manExports","description":""},{"marginal":-12,"level":0,"upper":null,"lower":0,"domain":["manure","mai"],"name":"v_manExports","description":""},{"marginal":-12,"level":0,"upper":null,"lower":0,"domain":["manure","jun"],"name":"v_manExports","description":""},{"marginal":-12,"level":0,"upper":null,"lower":0,"domain":["manure","jul"],"name":"v_manExports","description":""},{"marginal":-12,"level":0,"upper":null,"lower":0,"domain":["manure","aug"],"name":"v_manExports","description":""},{"marginal":0,"level":0,"upper":null,"lower":0,"domain":["manure","sep"],"name":"v_manExports","description":""},{"marginal":-12,"level":0,"upper":null,"lower":0,"domain":["manure","okt"],"name":"v_manExports","description":""},{"marginal":-12,"level":0,"upper":null,"lower":0,"domain":["manure","nov"],"name":"v_manExports","description":""},{"marginal":-12,"level":0,"upper":null,"lower":0,"domain":["manure","dez"],"name":"v_manExports","description":""},{"marginal":-100000,"level":0,"upper":null,"lower":0,"domain":["solid","apr"],"name":"v_manExports","description":""},{"marginal":-100000,"level":0,"upper":null,"lower":0,"domain":["solid","sep"],"name":"v_manExports","description":""},{"marginal":-100000,"level":0,"upper":null,"lower":0,"domain":[],"name":"v_170Slack","description":""},{"marginal":-200000,"level":0,"upper":null,"lower":0,"domain":["plot1"],"name":"v_170PlotSlack","description":""},{"marginal":-100000,"level":0,"upper":null,"lower":0,"domain":[],"name":"v_20RedSl~","description":""},{"marginal":0,"level":1500,"upper":null,"lower":0,"domain":["manure","jan"],"name":"v_curStorage","description":""},{"marginal":0,"level":1500,"upper":null,"lower":0,"domain":["manure","feb"],"name":"v_curStorage","description":""},{"marginal":0,"level":1500,"upper":null,"lower":0,"domain":["manure","mrz"],"name":"v_curStorage","description":""},{"marginal":0,"level":1500,"upper":null,"lower":0,"domain":["manure","apr"],"name":"v_curStorage","description":""},{"marginal":0,"level":1500,"upper":null,"lower":0,"domain":["manure","mai"],"name":"v_curStorage","description":""},{"marginal":0,"level":1500,"upper":null,"lower":0,"domain":["manure","jun"],"name":"v_curStorage","description":""},{"marginal":0,"level":1500,"upper":null,"lower":0,"domain":["manure","jul"],"name":"v_curStorage","description":""},{"marginal":0,"level":1500,"upper":null,"lower":0,"domain":["manure","aug"],"name":"v_curStorage","description":""},{"marginal":0,"level":1500,"upper":null,"lower":0,"domain":["manure","sep"],"name":"v_curStorage","description":""},{"marginal":0,"level":1500,"upper":null,"lower":0,"domain":["manure","okt"],"name":"v_curStorage","description":""},{"marginal":0,"level":1500,"upper":null,"lower":0,"domain":["manure","nov"],"name":"v_curStorage","description":""},{"marginal":0,"level":1500,"upper":null,"lower":0,"domain":["manure","dez"],"name":"v_curStorage","description":""},{"marginal":0,"level":0,"upper":null,"lower":0,"domain":["solid","jan"],"name":"v_curStorage","description":""},{"marginal":5e-324,"level":0,"upper":null,"lower":0,"domain":["solid","feb"],"name":"v_curStorage","description":""},{"marginal":5e-324,"level":0,"upper":null,"lower":0,"domain":["solid","mrz"],"name":"v_curStorage","description":""},{"marginal":5e-324,"level":0,"upper":null,"lower":0,"domain":["solid","apr"],"name":"v_curStorage","description":""},{"marginal":-100000,"level":0,"upper":null,"lower":0,"domain":["solid","mai"],"name":"v_curStorage","description":""},{"marginal":5e-324,"level":0,"upper":null,"lower":0,"domain":["solid","jun"],"name":"v_curStorage","description":""},{"marginal":5e-324,"level":0,"upper":null,"lower":0,"domain":["solid","jul"],"name":"v_curStorage","description":""},{"marginal":0,"level":0,"upper":null,"lower":0,"domain":["solid","aug"],"name":"v_curStorage","description":""},{"marginal":-100000,"level":0,"upper":null,"lower":0,"domain":["solid","sep"],"name":"v_curStorage","description":""},{"marginal":5e-324,"level":0,"upper":null,"lower":0,"domain":["solid","okt"],"name":"v_curStorage","description":""},{"marginal":5e-324,"level":0,"upper":null,"lower":0,"domain":["solid","nov"],"name":"v_curStorage","description":""},{"marginal":5e-324,"level":0,"upper":null,"lower":0,"domain":["solid","dez"],"name":"v_curStorage","description":""},{"marginal":5e-324,"level":0,"upper":0,"lower":0,"domain":["manure","jan"],"name":"v_manureSpring","description":""},{"marginal":0,"level":0,"upper":null,"lower":0,"domain":["manure","feb"],"name":"v_manureSpring","description":""},{"marginal":5e-324,"level":0,"upper":null,"lower":0,"domain":["manure","mrz"],"name":"v_manureSpring","description":""},{"marginal":5e-324,"level":0,"upper":null,"lower":0,"domain":["manure","apr"],"name":"v_manureSpring","description":""},{"marginal":5e-324,"level":0,"upper":null,"lower":0,"domain":["manure","mai"],"name":"v_manureSpring","description":""},{"marginal":5e-324,"level":0,"upper":0,"lower":0,"domain":["manure","jun"],"name":"v_manureSpring","description":""},{"marginal":5e-324,"level":0,"upper":0,"lower":0,"domain":["manure","jul"],"name":"v_manureSpring","description":""},{"marginal":5e-324,"level":0,"upper":0,"lower":0,"domain":["manure","aug"],"name":"v_manureSpring","description":""},{"marginal":5e-324,"level":0,"upper":0,"lower":0,"domain":["manure","sep"],"name":"v_manureSpring","description":""},{"marginal":-12,"level":0,"upper":0,"lower":0,"domain":["manure","okt"],"name":"v_manureSpring","description":""},{"marginal":-12,"level":0,"upper":0,"lower":0,"domain":["manure","nov"],"name":"v_manureSpring","description":""},{"marginal":-12,"level":0,"upper":0,"lower":0,"domain":["manure","dez"],"name":"v_manureSpring","description":""},{"marginal":5e-324,"level":0,"upper":0,"lower":0,"domain":["solid","jan"],"name":"v_manureSpring","description":""},{"marginal":-100000,"level":0,"upper":null,"lower":0,"domain":["solid","feb"],"name":"v_manureSpring","description":""},{"marginal":-100000,"level":0,"upper":null,"lower":0,"domain":["solid","mrz"],"name":"v_manureSpring","description":""},{"marginal":-100000,"level":0,"upper":null,"lower":0,"domain":["solid","apr"],"name":"v_manureSpring","description":""},{"marginal":-100000,"level":0,"upper":null,"lower":0,"domain":["solid","mai"],"name":"v_manureSpring","description":""},{"marginal":5e-324,"level":0,"upper":0,"lower":0,"domain":["solid","jun"],"name":"v_manureSpring","description":""},{"marginal":5e-324,"level":0,"upper":0,"lower":0,"domain":["solid","jul"],"name":"v_manureSpring","description":""},{"marginal":5e-324,"level":0,"upper":0,"lower":0,"domain":["solid","aug"],"name":"v_manureSpring","description":""},{"marginal":-100000,"level":0,"upper":0,"lower":0,"domain":["solid","sep"],"name":"v_manureSpring","description":""},{"marginal":5e-324,"level":0,"upper":0,"lower":0,"domain":["solid","okt"],"name":"v_manureSpring","description":""},{"marginal":5e-324,"level":0,"upper":0,"lower":0,"domain":["solid","nov"],"name":"v_manureSpring","description":""},{"marginal":5e-324,"level":0,"upper":0,"lower":0,"domain":["solid","dez"],"name":"v_manureSpring","description":""},{"marginal":0,"level":0,"upper":null,"lower":0,"domain":["manure"],"name":"v_manureAutumn","description":""},{"marginal":-100000,"level":0,"upper":null,"lower":0,"domain":["solid"],"name":"v_manureAutumn","description":""},{"marginal":-100000,"level":0,"upper":null,"lower":0,"domain":["manure","jan"],"name":"v_manSlack","description":""},{"marginal":-100000,"level":0,"upper":null,"lower":0,"domain":["manure","feb"],"name":"v_manSlack","description":""},{"marginal":-100000,"level":0,"upper":null,"lower":0,"domain":["manure","mrz"],"name":"v_manSlack","description":""},{"marginal":-100000,"level":0,"upper":null,"lower":0,"domain":["manure","apr"],"name":"v_manSlack","description":""},{"marginal":-100000,"level":0,"upper":null,"lower":0,"domain":["manure","mai"],"name":"v_manSlack","description":""},{"marginal":-100000,"level":0,"upper":null,"lower":0,"domain":["manure","jun"],"name":"v_manSlack","description":""},{"marginal":-100000,"level":0,"upper":null,"lower":0,"domain":["manure","jul"],"name":"v_manSlack","description":""},{"marginal":-100000,"level":0,"upper":null,"lower":0,"domain":["manure","aug"],"name":"v_manSlack","description":""},{"marginal":-100000,"level":0,"upper":null,"lower":0,"domain":["manure","sep"],"name":"v_manSlack","description":""},{"marginal":-100000,"level":0,"upper":null,"lower":0,"domain":["manure","okt"],"name":"v_manSlack","description":""},{"marginal":-100000,"level":0,"upper":null,"lower":0,"domain":["manure","nov"],"name":"v_manSlack","description":""},{"marginal":-100000,"level":0,"upper":null,"lower":0,"domain":["manure","dez"],"name":"v_manSlack","description":""},{"marginal":-100000,"level":0,"upper":null,"lower":0,"domain":["solid","jan"],"name":"v_manSlack","description":""},{"marginal":0,"level":0,"upper":null,"lower":0,"domain":["solid","feb"],"name":"v_manSlack","description":""},{"marginal":0,"level":0,"upper":null,"lower":0,"domain":["solid","mrz"],"name":"v_manSlack","description":""},{"marginal":0,"level":0,"upper":null,"lower":0,"domain":["solid","apr"],"name":"v_manSlack","description":""},{"marginal":0,"level":0,"upper":null,"lower":0,"domain":["solid","mai"],"name":"v_manSlack","description":""},{"marginal":-100000,"level":0,"upper":null,"lower":0,"domain":["solid","jun"],"name":"v_manSlack","description":""},{"marginal":-100000,"level":0,"upper":null,"lower":0,"domain":["solid","jul"],"name":"v_manSlack","description":""},{"marginal":-100000,"level":0,"upper":null,"lower":0,"domain":["solid","aug"],"name":"v_manSlack","description":""},{"marginal":0,"level":0,"upper":null,"lower":0,"domain":["solid","sep"],"name":"v_manSlack","description":""},{"marginal":-100000,"level":0,"upper":null,"lower":0,"domain":["solid","okt"],"name":"v_manSlack","description":""},{"marginal":-100000,"level":0,"upper":null,"lower":0,"domain":["solid","nov"],"name":"v_manSlack","description":""},{"marginal":-100000,"level":0,"upper":null,"lower":0,"domain":["solid","dez"],"name":"v_manSlack","description":""}]}]}